// Jest Snapshot v1, https://goo.gl/fbAQLP

exports[`Cell renders 1`] = `
.c0 {
  box-sizing: border-box;
  padding: 1em 0 0 1em;
  display: block;
  -webkit-align-self: stretch;
  -ms-flex-item-align: stretch;
  align-self: stretch;
  -webkit-flex: 1;
  -ms-flex: 1;
  flex: 1;
}

<div
  className="c0"
>
  Test Cell
</div>
`;
